C166 COMPILER V7.57.0, OSAPI                                                               11/13/2020 15:09:26 PAGE 1   


C166 COMPILER V7.57.0, COMPILATION OF MODULE OSAPI
OBJECT MODULE PLACED IN .\Obj\osapi.obj
COMPILER INVOKED BY: C:\Keil_v5\C166\BIN\C166.EXE src\app\rtos\osapi.c MODV2 LARGE BROWSE INCDIR(.\src;.\src\bsw;.\src\d
                    -river;.\src\interaction;.\src\app\adc;.\src\app\alogrithm;.\src\app\can;.\src\app\ccp;.\src\app\diagnostic;.\src\app\mod
                    -e control;.\src\app\task;.\src\app\Fun;.\src\app\rtos;.\src\bsw\can;.\src\bsw\desc;.\src\bsw\nm;.\src\app\time measure;.
                    -\src\app\rte) MODV2 DEBUG PRINT(.\Lst\osapi.lst) OBJECT(.\Obj\osapi.obj) 

 stmt lvl     source

    1         //****************************************************************************
    2         // @Module        Project Settings
    3         // @Filename      OSAPI.c
    4         // @Project       P300.dav
    5         //----------------------------------------------------------------------------
    6         // @Controller    Infineon XC2365B-40F80
    7         //
    8         // @Compiler      Keil
    9         //
   10         // @Codegenerator 2.0
   11         //
   12         // @Description   This file contains the project initialization function.
   13         //
   14         //----------------------------------------------------------------------------
   15         // @Date          2020-03-04 15:47:42
   16         //
   17         //****************************************************************************
   18         
   19         // USER CODE BEGIN (MAIN_General,1)
   20         
   21         // USER CODE END
   22         
   23         
   24         
   25         //****************************************************************************
   26         // @Project Includes
   27         //****************************************************************************
   28         
   29         // USER CODE BEGIN (MAIN_General,2)
   30         
   31         #include "RTC.h"
   32         #include "OSAPI.h"
   33         
   34         #include "nm.h"
   35         #include "can_com.h"
   36         #include "desc.h"
   37         #include "desc_ser.h"
   38         #include "desc_mgr.h"
   39         
   40         #include "aeb.h"
   41         #include "eepRom.h"
   42         #include "adc_if.h"
   43         #include "adc_sample.h"
   44         #include "fltd.h"
   45         #include "pwm.h"
   46         #include "pid.h"
   47         #include "rte.h"
   48         #include "time_measure.h"
   49         
   50         #include "ModeControl.h"
   51         #include "ModeControl_private.h"
   52         
C166 COMPILER V7.57.0, OSAPI                                                               11/13/2020 15:09:26 PAGE 2   

   53         // USER CODE END
   54         
   55         
   56         //****************************************************************************
   57         // @Macros
   58         //****************************************************************************
   59         
   60         // USER CODE BEGIN (MAIN_General,3)
   61         
   62         // USER CODE END
   63         
   64         
   65         //****************************************************************************
   66         // @Defines
   67         //****************************************************************************
   68         
   69         // USER CODE BEGIN (MAIN_General,4)
   70         
   71         // USER CODE END
   72         
   73         
   74         //****************************************************************************
   75         // @Typedefs
   76         //****************************************************************************
   77         
   78         // USER CODE BEGIN (MAIN_General,5)
   79         
   80         // USER CODE END
   81         
   82         
   83         //****************************************************************************
   84         // @Imported Global Variables
   85         //****************************************************************************
   86         
   87         // USER CODE BEGIN (MAIN_General,6)
   88         
   89         extern void task1(void);
   90         extern void task2(void);
   91         extern void task3(void);
   92         extern void task4(void);
   93         
   94         // USER CODE END
   95         
   96         
   97         //****************************************************************************
   98         // @Global Variables
   99         //****************************************************************************
  100         
  101         // USER CODE BEGIN (MAIN_General,7)
  102         
  103         // USER CODE END
  104         
  105         
  106         //****************************************************************************
  107         // @External Prototypes
  108         //****************************************************************************
  109         
  110         // USER CODE BEGIN (MAIN_General,8)
  111         
  112         // USER CODE END
  113         
  114         
C166 COMPILER V7.57.0, OSAPI                                                               11/13/2020 15:09:26 PAGE 3   

  115         //****************************************************************************
  116         // @Prototypes Of Local Functions
  117         //****************************************************************************
  118         
  119         // USER CODE BEGIN (MAIN_General,9)
  120         
  121         OS_API_STAT void OSAPI_App3msTaskEntry(void);
  122         OS_API_STAT void OSAPI_App5msTaskEntry(void);
  123         OS_API_STAT void OSAPI_App10msTaskEntry(void);
  124         OS_API_STAT void OSAPI_App20msTaskEntry(void);
  125         OS_API_STAT void OSAPI_App50msTaskEntry(void);
  126         OS_API_STAT void OSAPI_App100msTaskEntry(void);
  127         
  128         // USER CODE END
  129         
  130         //****************************************************************************
  131         // @Function      void OSAPI_AppTaskInit(void)
  132         //
  133         //----------------------------------------------------------------------------
  134         // @Description   None
  135         //
  136         //----------------------------------------------------------------------------
  137         // @Returnvalue   None
  138         //
  139         //----------------------------------------------------------------------------
  140         // @Parameters    None 
  141         //
  142         //----------------------------------------------------------------------------
  143         // @Date          2020-03-04
  144         //
  145         //****************************************************************************
  146         
  147         // USER CODE BEGIN (OSAPI_AppTaskInit,1)
  148         
  149         // USER CODE END
  150         
  151         void OSAPI_AppTaskInit(void)
  152         {
  153  1              //AebInit();
  154  1              
  155  1              EepRom_Init(EEPROM_START);
  156  1              Rte_Init();
  157  1      
  158  1              AdcIf_Init();
  159  1              AdcApp_Init();
  160  1              FLTD_Init();
  161  1              Pwm_Init();
  162  1              Pid_Init();
  163  1      
  164  1              CanNm_vInit(); 
  165  1              CanDesc_vInit();
  166  1              CanDescDtc_vInit();
  167  1              
  168  1              TimeMeasure_Init();
  169  1      
  170  1      } //  End of function
  171         
  172         //****************************************************************************
  173         // @Function      void OSAPI_AppTaskRunning(void)
  174         //
  175         //----------------------------------------------------------------------------
  176         // @Description   None
C166 COMPILER V7.57.0, OSAPI                                                               11/13/2020 15:09:26 PAGE 4   

  177         //
  178         //----------------------------------------------------------------------------
  179         // @Returnvalue   None
  180         //
  181         //----------------------------------------------------------------------------
  182         // @Parameters    None 
  183         //
  184         //----------------------------------------------------------------------------
  185         // @Date          2020-03-04
  186         //
  187         //****************************************************************************
  188         
  189         // USER CODE BEGIN (OSAPI_Running,1)
  190         
  191         // USER CODE END
  192         
  193         void OSAPI_AppTaskRunning(void)
  194         {
  195  1      
  196  1        // USER CODE BEGIN (OSAPI_Running,2)
  197  1      
  198  1              if (TRUE == bRtcOsApp2msTaskEntryFlag)          
  199  1              {
  200  2                      bRtcOsApp2msTaskEntryFlag = FALSE;
  201  2              }
  202  1              
  203  1              if (TRUE == bRtcOsApp3msTaskEntryFlag)          
  204  1              {
  205  2                      OSAPI_App3msTaskEntry();
  206  2      #if 0
                              Can0Com_Object17_MsgSend();
                              Can0Com_Object18_MsgSend();//ICAS-AEB system factor,include padeltravel¡¢cylindertravel¡¢motorcurrnt¡¢pr
             -essure        
                              Can0Com_Object19_MsgSend(); //LocationLoopControl,include objcylinder \actualcylinder\CurrentForwardBack
             -\CurrentIncrement 
                              Can0Com_Object20_MsgSend(); //LocationLoopControl,include locationKP\locationKI\locationKD
                              Can0Com_Object21_MsgSend(); //CurrentLoopControl,include objcurrent\actualcurrent\PWMforward\PWMincremen
             -t
                              Can0Com_Object22_MsgSend(); //CurrentLoopControl,include currentKP\currentKI\currentKD  
                              Can0Com_Object25_MsgSend();
              #endif
  215  2                      bRtcOsApp3msTaskEntryFlag = FALSE;
  216  2              }
  217  1              
  218  1              if (TRUE == bRtcOsApp5msTaskEntryFlag)          
  219  1              {
  220  2                      OSAPI_App5msTaskEntry();
  221  2                      bRtcOsApp5msTaskEntryFlag = FALSE;
  222  2              }
  223  1      
  224  1              if (TRUE == bRtcOsApp10msTaskEntryFlag)         
  225  1              {
  226  2                      OSAPI_App10msTaskEntry();
  227  2                      bRtcOsApp10msTaskEntryFlag = FALSE;
  228  2              }       
  229  1      
  230  1              if (TRUE == bRtcOsApp20msTaskEntryFlag)                 
  231  1              {
  232  2                      OSAPI_App20msTaskEntry();
  233  2                      bRtcOsApp20msTaskEntryFlag = FALSE;
  234  2              }       
  235  1      
C166 COMPILER V7.57.0, OSAPI                                                               11/13/2020 15:09:26 PAGE 5   

  236  1              if (TRUE == bRtcOsApp50msTaskEntryFlag)                 
  237  1              {
  238  2                      OSAPI_App50msTaskEntry();
  239  2                      bRtcOsApp50msTaskEntryFlag = FALSE;
  240  2              }       
  241  1      
  242  1              if (TRUE == bRtcOsApp100msTaskEntryFlag)                        
  243  1              {
  244  2                      OSAPI_App100msTaskEntry();
  245  2                      bRtcOsApp100msTaskEntryFlag = FALSE;
  246  2              }  
  247  1              
  248  1        // USER CODE END
  249  1      
  250  1      } //  End of function
  251         
  252         
  253         //****************************************************************************
  254         // @Function      void OSAPI_App3msTaskEntry(void)
  255         //
  256         //----------------------------------------------------------------------------
  257         // @Description   None
  258         //
  259         //----------------------------------------------------------------------------
  260         // @Returnvalue   None
  261         //
  262         //----------------------------------------------------------------------------
  263         // @Parameters    None 
  264         //
  265         //----------------------------------------------------------------------------
  266         // @Date          2020-03-04
  267         //
  268         //****************************************************************************
  269         
  270         // USER CODE BEGIN (OSAPI_Running,1)
  271         
  272         // USER CODE END
  273         
  274         OS_API_STAT void OSAPI_App3msTaskEntry(void)
  275         {
  276  1      
  277  1        // USER CODE BEGIN (OSAPI_Running,2)
  278  1              AdcIf_Func();
  279  1              ApplAdc_TaskEntry();    
  280  1              task1();
  281  1      
  282  1        // USER CODE END
  283  1      
  284  1      } //  End of function
  285         
  286         
  287         //****************************************************************************
  288         // @Function      void OSAPI_App5msTaskEntry(void)
  289         //
  290         //----------------------------------------------------------------------------
  291         // @Description   None
  292         //
  293         //----------------------------------------------------------------------------
  294         // @Returnvalue   None
  295         //
  296         //----------------------------------------------------------------------------
  297         // @Parameters    None 
C166 COMPILER V7.57.0, OSAPI                                                               11/13/2020 15:09:26 PAGE 6   

  298         //
  299         //----------------------------------------------------------------------------
  300         // @Date          2020-03-04
  301         //
  302         //****************************************************************************
  303         
  304         // USER CODE BEGIN (OSAPI_Running,1)
  305         
  306         // USER CODE END
  307         
  308         OS_API_STAT void OSAPI_App5msTaskEntry(void)
  309         {
  310  1      
  311  1        // USER CODE BEGIN (OSAPI_Running,2)
  312  1      
  313  1              Rte_ReadSignalSts();
  314  1              IGNStatus_u8_Sig = Rte_IGNStatusHandle();
  315  1              ModeControl_step();
  316  1              CanCom_TaskEntry();
  317  1              task3();
  318  1        // USER CODE END
  319  1      
  320  1      } //  End of function
  321         
  322         //****************************************************************************
  323         // @Function      void OSAPI_App10msTaskEntry(void)
  324         //
  325         //----------------------------------------------------------------------------
  326         // @Description   None
  327         //
  328         //----------------------------------------------------------------------------
  329         // @Returnvalue   None
  330         //
  331         //----------------------------------------------------------------------------
  332         // @Parameters    None 
  333         //
  334         //----------------------------------------------------------------------------
  335         // @Date          2020-03-04
  336         //
  337         //****************************************************************************
  338         
  339         // USER CODE BEGIN (OSAPI_Running,1)
  340         
  341         // USER CODE END
  342         
  343         OS_API_STAT void OSAPI_App10msTaskEntry(void)
  344         {
  345  1      
  346  1        // USER CODE BEGIN (OSAPI_Running,2)
  347  1              
  348  1              CanDesc_TaskEntry();
  349  1              CanNm_TaskEntry();
  350  1              CanDescDtc_TaskEntry();
  351  1        
  352  1        // USER CODE END
  353  1      
  354  1      } //  End of function
  355         
  356         
  357         //****************************************************************************
  358         // @Function      void OSAPI_App20msTaskEntry(void)
  359         //
C166 COMPILER V7.57.0, OSAPI                                                               11/13/2020 15:09:26 PAGE 7   

  360         //----------------------------------------------------------------------------
  361         // @Description   None
  362         //
  363         //----------------------------------------------------------------------------
  364         // @Returnvalue   None
  365         //
  366         //----------------------------------------------------------------------------
  367         // @Parameters    None 
  368         //
  369         //----------------------------------------------------------------------------
  370         // @Date          2020-03-04
  371         //
  372         //****************************************************************************
  373         
  374         // USER CODE BEGIN (OSAPI_Running,1)
  375         
  376         // USER CODE END
  377         
  378         OS_API_STAT void OSAPI_App20msTaskEntry(void)
  379         {
  380  1      
  381  1        // USER CODE BEGIN (OSAPI_Running,2)
  382  1      
  383  1         task2(); 
  384  1              
  385  1        // USER CODE END
  386  1      
  387  1      } //  End of function
  388         
  389         //****************************************************************************
  390         // @Function      void OSAPI_App50msTaskEntry(void)
  391         //
  392         //----------------------------------------------------------------------------
  393         // @Description   None
  394         //
  395         //----------------------------------------------------------------------------
  396         // @Returnvalue   None
  397         //
  398         //----------------------------------------------------------------------------
  399         // @Parameters    None 
  400         //
  401         //----------------------------------------------------------------------------
  402         // @Date          2020-03-04
  403         //
  404         //****************************************************************************
  405         
  406         // USER CODE BEGIN (OSAPI_Running,1)
  407         
  408         // USER CODE END
  409         
  410         OS_API_STAT void OSAPI_App50msTaskEntry(void)
  411         {
  412  1      
  413  1        // USER CODE BEGIN (OSAPI_Running,2)
  414  1      
  415  1      
  416  1        task4();
  417  1              
  418  1        // USER CODE END
  419  1      
  420  1      } //  End of function
  421         
C166 COMPILER V7.57.0, OSAPI                                                               11/13/2020 15:09:26 PAGE 8   

  422         //****************************************************************************
  423         // @Function      void OSAPI_App100msTaskEntry(void)
  424         //
  425         //----------------------------------------------------------------------------
  426         // @Description   None
  427         //
  428         //----------------------------------------------------------------------------
  429         // @Returnvalue   None
  430         //
  431         //----------------------------------------------------------------------------
  432         // @Parameters    None 
  433         //
  434         //----------------------------------------------------------------------------
  435         // @Date          2020-03-04
  436         //
  437         //****************************************************************************
  438         
  439         // USER CODE BEGIN (OSAPI_Running,1)
  440         
  441         // USER CODE END
  442         
  443         OS_API_STAT void OSAPI_App100msTaskEntry(void)
  444         {
  445  1      
  446  1        // USER CODE BEGIN (OSAPI_Running,2)
  447  1      
  448  1              
  449  1              
  450  1        // USER CODE END
  451  1      
  452  1      } //  End of function
  453         


MODULE INFORMATION:   INITIALIZED  UNINITIALIZED
  CODE SIZE        =         230     --------
  NEAR-CONST SIZE  =    --------     --------
  FAR-CONST SIZE   =    --------     --------
  HUGE-CONST SIZE  =    --------     --------
  XHUGE-CONST SIZE =    --------     --------
  NEAR-DATA SIZE   =    --------     --------
  FAR-DATA SIZE    =    --------     --------
  XHUGE-DATA SIZE  =    --------     --------
  IDATA-DATA SIZE  =    --------     --------
  SDATA-DATA SIZE  =    --------     --------
  BDATA-DATA SIZE  =    --------     --------
  HUGE-DATA SIZE   =    --------     --------
  BIT SIZE         =    --------     --------
  INIT'L SIZE      =    --------     --------
END OF MODULE INFORMATION.


C166 COMPILATION COMPLETE.  0 WARNING(S),  0 ERROR(S)
